①フォルダの作成

PS C:\git_challenge> cd c:\
PS C:\> mkdir git_challenge


    ディレクトリ: C:\


Mode                 LastWriteTime         Length Name
----                 -------------         ------ ----
d-----        2026/03/17     15:08                git_challenge


②フォルダの移動

PS C:\> cd git_challenge

③ローカルリポジトリの作成

PS C:\git_challenge> git init
Initialized empty Git repository in C:/git_challenge/.git/

コマンド外作業（１）
VS Code　エディタで「Hollo,world!」を記入

④インデックス登録

PS C:\git_challenge> git add hello_world.txt

⑤１回目のコミット

PS C:\git_challenge> git commit -m "hello_world.txtを追加"
[main (root-commit) b345daa] hello_world.txtを追加
 1 file changed, 1 insertion(+)
 create mode 100644 hello_world.txt

コマンド外作業（２）
VS Code　エディタで「こんにちは、世界！」を追記

⑥２回目のコミット

PS C:\git_challenge> git commit -m "日本語訳を追記"
[main e16c96c] 日本語訳を追記
 1 file changed, 2 insertions(+), 1 deletion(-)

⑦コミットログ表示
PS C:\git_challenge> git log --oneline
e16c96c (HEAD -> main) 日本語訳を追記
b345daa hello_world.txtを追加
